// Jest Snapshot v1, https://goo.gl/fbAQLP

exports[`Todo Module add 1`] = `
ShallowWrapper {
  Symbol(enzyme.__root__): [Circular],
  Symbol(enzyme.__unrendered__): <Todo
    onChange={[Function]}
    onDecliment={[Function]}
    onIncrement={[Function]}
    todo={Array []}
  />,
  Symbol(enzyme.__renderer__): Object {
    "batchedUpdates": [Function],
    "getNode": [Function],
    "render": [Function],
    "simulateError": [Function],
    "simulateEvent": [Function],
    "unmount": [Function],
  },
  Symbol(enzyme.__node__): Object {
    "instance": null,
    "key": undefined,
    "nodeType": "host",
    "props": Object {
      "children": Array [
        <button>
          TODOを追加する
        </button>,
        <br />,
        <table
          style={
            Object {
              "align": "center",
            }
          }
        >
          <thead>
            <tr>
              <th>
                内容
              </th>
              <th>
                操作
              </th>
            </tr>
          </thead>
          <tbody />
        </table>,
      ],
      "style": Object {
        "margin": 12,
        "textAlign": "left",
      },
    },
    "ref": null,
    "rendered": Array [
      Object {
        "instance": null,
        "key": undefined,
        "nodeType": "host",
        "props": Object {
          "children": "TODOを追加する",
          "onClick": undefined,
        },
        "ref": null,
        "rendered": "TODOを追加する",
        "type": "button",
      },
      Object {
        "instance": null,
        "key": undefined,
        "nodeType": "host",
        "props": Object {},
        "ref": null,
        "rendered": null,
        "type": "br",
      },
      Object {
        "instance": null,
        "key": undefined,
        "nodeType": "host",
        "props": Object {
          "children": Array [
            <thead>
              <tr>
                <th>
                  内容
                </th>
                <th>
                  操作
                </th>
              </tr>
            </thead>,
            <tbody />,
          ],
          "style": Object {
            "align": "center",
          },
        },
        "ref": null,
        "rendered": Array [
          Object {
            "instance": null,
            "key": undefined,
            "nodeType": "host",
            "props": Object {
              "children": <tr>
                <th>
                  内容
                </th>
                <th>
                  操作
                </th>
              </tr>,
            },
            "ref": null,
            "rendered": Object {
              "instance": null,
              "key": undefined,
              "nodeType": "host",
              "props": Object {
                "children": Array [
                  <th>
                    内容
                  </th>,
                  <th>
                    操作
                  </th>,
                ],
              },
              "ref": null,
              "rendered": Array [
                Object {
                  "instance": null,
                  "key": undefined,
                  "nodeType": "host",
                  "props": Object {
                    "children": "内容",
                  },
                  "ref": null,
                  "rendered": "内容",
                  "type": "th",
                },
                Object {
                  "instance": null,
                  "key": undefined,
                  "nodeType": "host",
                  "props": Object {
                    "children": "操作",
                  },
                  "ref": null,
                  "rendered": "操作",
                  "type": "th",
                },
              ],
              "type": "tr",
            },
            "type": "thead",
          },
          Object {
            "instance": null,
            "key": undefined,
            "nodeType": "host",
            "props": Object {
              "children": Array [],
            },
            "ref": null,
            "rendered": Array [],
            "type": "tbody",
          },
        ],
        "type": "table",
      },
    ],
    "type": "div",
  },
  Symbol(enzyme.__nodes__): Array [
    Object {
      "instance": null,
      "key": undefined,
      "nodeType": "host",
      "props": Object {
        "children": Array [
          <button>
            TODOを追加する
          </button>,
          <br />,
          <table
            style={
              Object {
                "align": "center",
              }
            }
          >
            <thead>
              <tr>
                <th>
                  内容
                </th>
                <th>
                  操作
                </th>
              </tr>
            </thead>
            <tbody />
          </table>,
        ],
        "style": Object {
          "margin": 12,
          "textAlign": "left",
        },
      },
      "ref": null,
      "rendered": Array [
        Object {
          "instance": null,
          "key": undefined,
          "nodeType": "host",
          "props": Object {
            "children": "TODOを追加する",
            "onClick": undefined,
          },
          "ref": null,
          "rendered": "TODOを追加する",
          "type": "button",
        },
        Object {
          "instance": null,
          "key": undefined,
          "nodeType": "host",
          "props": Object {},
          "ref": null,
          "rendered": null,
          "type": "br",
        },
        Object {
          "instance": null,
          "key": undefined,
          "nodeType": "host",
          "props": Object {
            "children": Array [
              <thead>
                <tr>
                  <th>
                    内容
                  </th>
                  <th>
                    操作
                  </th>
                </tr>
              </thead>,
              <tbody />,
            ],
            "style": Object {
              "align": "center",
            },
          },
          "ref": null,
          "rendered": Array [
            Object {
              "instance": null,
              "key": undefined,
              "nodeType": "host",
              "props": Object {
                "children": <tr>
                  <th>
                    内容
                  </th>
                  <th>
                    操作
                  </th>
                </tr>,
              },
              "ref": null,
              "rendered": Object {
                "instance": null,
                "key": undefined,
                "nodeType": "host",
                "props": Object {
                  "children": Array [
                    <th>
                      内容
                    </th>,
                    <th>
                      操作
                    </th>,
                  ],
                },
                "ref": null,
                "rendered": Array [
                  Object {
                    "instance": null,
                    "key": undefined,
                    "nodeType": "host",
                    "props": Object {
                      "children": "内容",
                    },
                    "ref": null,
                    "rendered": "内容",
                    "type": "th",
                  },
                  Object {
                    "instance": null,
                    "key": undefined,
                    "nodeType": "host",
                    "props": Object {
                      "children": "操作",
                    },
                    "ref": null,
                    "rendered": "操作",
                    "type": "th",
                  },
                ],
                "type": "tr",
              },
              "type": "thead",
            },
            Object {
              "instance": null,
              "key": undefined,
              "nodeType": "host",
              "props": Object {
                "children": Array [],
              },
              "ref": null,
              "rendered": Array [],
              "type": "tbody",
            },
          ],
          "type": "table",
        },
      ],
      "type": "div",
    },
  ],
  Symbol(enzyme.__options__): Object {
    "adapter": ReactSixteenAdapter {
      "options": Object {
        "enableComponentDidUpdateOnSetState": true,
        "lifecycles": Object {
          "componentDidUpdate": Object {
            "onSetState": true,
          },
          "getDerivedStateFromProps": true,
          "getSnapshotBeforeUpdate": true,
          "setState": Object {
            "skipsComponentDidUpdateOnNullish": true,
          },
        },
      },
    },
  },
}
`;

exports[`Todo Module add 2`] = `
ShallowWrapper {
  Symbol(enzyme.__root__): [Circular],
  Symbol(enzyme.__unrendered__): <Todo
    onChange={[Function]}
    onDecliment={[Function]}
    onIncrement={[Function]}
    todo={Array []}
  />,
  Symbol(enzyme.__renderer__): Object {
    "batchedUpdates": [Function],
    "getNode": [Function],
    "render": [Function],
    "simulateError": [Function],
    "simulateEvent": [Function],
    "unmount": [Function],
  },
  Symbol(enzyme.__node__): Object {
    "instance": null,
    "key": undefined,
    "nodeType": "host",
    "props": Object {
      "children": Array [
        <button>
          TODOを追加する
        </button>,
        <br />,
        <table
          style={
            Object {
              "align": "center",
            }
          }
        >
          <thead>
            <tr>
              <th>
                内容
              </th>
              <th>
                操作
              </th>
            </tr>
          </thead>
          <tbody />
        </table>,
      ],
      "style": Object {
        "margin": 12,
        "textAlign": "left",
      },
    },
    "ref": null,
    "rendered": Array [
      Object {
        "instance": null,
        "key": undefined,
        "nodeType": "host",
        "props": Object {
          "children": "TODOを追加する",
          "onClick": undefined,
        },
        "ref": null,
        "rendered": "TODOを追加する",
        "type": "button",
      },
      Object {
        "instance": null,
        "key": undefined,
        "nodeType": "host",
        "props": Object {},
        "ref": null,
        "rendered": null,
        "type": "br",
      },
      Object {
        "instance": null,
        "key": undefined,
        "nodeType": "host",
        "props": Object {
          "children": Array [
            <thead>
              <tr>
                <th>
                  内容
                </th>
                <th>
                  操作
                </th>
              </tr>
            </thead>,
            <tbody />,
          ],
          "style": Object {
            "align": "center",
          },
        },
        "ref": null,
        "rendered": Array [
          Object {
            "instance": null,
            "key": undefined,
            "nodeType": "host",
            "props": Object {
              "children": <tr>
                <th>
                  内容
                </th>
                <th>
                  操作
                </th>
              </tr>,
            },
            "ref": null,
            "rendered": Object {
              "instance": null,
              "key": undefined,
              "nodeType": "host",
              "props": Object {
                "children": Array [
                  <th>
                    内容
                  </th>,
                  <th>
                    操作
                  </th>,
                ],
              },
              "ref": null,
              "rendered": Array [
                Object {
                  "instance": null,
                  "key": undefined,
                  "nodeType": "host",
                  "props": Object {
                    "children": "内容",
                  },
                  "ref": null,
                  "rendered": "内容",
                  "type": "th",
                },
                Object {
                  "instance": null,
                  "key": undefined,
                  "nodeType": "host",
                  "props": Object {
                    "children": "操作",
                  },
                  "ref": null,
                  "rendered": "操作",
                  "type": "th",
                },
              ],
              "type": "tr",
            },
            "type": "thead",
          },
          Object {
            "instance": null,
            "key": undefined,
            "nodeType": "host",
            "props": Object {
              "children": Array [],
            },
            "ref": null,
            "rendered": Array [],
            "type": "tbody",
          },
        ],
        "type": "table",
      },
    ],
    "type": "div",
  },
  Symbol(enzyme.__nodes__): Array [
    Object {
      "instance": null,
      "key": undefined,
      "nodeType": "host",
      "props": Object {
        "children": Array [
          <button>
            TODOを追加する
          </button>,
          <br />,
          <table
            style={
              Object {
                "align": "center",
              }
            }
          >
            <thead>
              <tr>
                <th>
                  内容
                </th>
                <th>
                  操作
                </th>
              </tr>
            </thead>
            <tbody />
          </table>,
        ],
        "style": Object {
          "margin": 12,
          "textAlign": "left",
        },
      },
      "ref": null,
      "rendered": Array [
        Object {
          "instance": null,
          "key": undefined,
          "nodeType": "host",
          "props": Object {
            "children": "TODOを追加する",
            "onClick": undefined,
          },
          "ref": null,
          "rendered": "TODOを追加する",
          "type": "button",
        },
        Object {
          "instance": null,
          "key": undefined,
          "nodeType": "host",
          "props": Object {},
          "ref": null,
          "rendered": null,
          "type": "br",
        },
        Object {
          "instance": null,
          "key": undefined,
          "nodeType": "host",
          "props": Object {
            "children": Array [
              <thead>
                <tr>
                  <th>
                    内容
                  </th>
                  <th>
                    操作
                  </th>
                </tr>
              </thead>,
              <tbody />,
            ],
            "style": Object {
              "align": "center",
            },
          },
          "ref": null,
          "rendered": Array [
            Object {
              "instance": null,
              "key": undefined,
              "nodeType": "host",
              "props": Object {
                "children": <tr>
                  <th>
                    内容
                  </th>
                  <th>
                    操作
                  </th>
                </tr>,
              },
              "ref": null,
              "rendered": Object {
                "instance": null,
                "key": undefined,
                "nodeType": "host",
                "props": Object {
                  "children": Array [
                    <th>
                      内容
                    </th>,
                    <th>
                      操作
                    </th>,
                  ],
                },
                "ref": null,
                "rendered": Array [
                  Object {
                    "instance": null,
                    "key": undefined,
                    "nodeType": "host",
                    "props": Object {
                      "children": "内容",
                    },
                    "ref": null,
                    "rendered": "内容",
                    "type": "th",
                  },
                  Object {
                    "instance": null,
                    "key": undefined,
                    "nodeType": "host",
                    "props": Object {
                      "children": "操作",
                    },
                    "ref": null,
                    "rendered": "操作",
                    "type": "th",
                  },
                ],
                "type": "tr",
              },
              "type": "thead",
            },
            Object {
              "instance": null,
              "key": undefined,
              "nodeType": "host",
              "props": Object {
                "children": Array [],
              },
              "ref": null,
              "rendered": Array [],
              "type": "tbody",
            },
          ],
          "type": "table",
        },
      ],
      "type": "div",
    },
  ],
  Symbol(enzyme.__options__): Object {
    "adapter": ReactSixteenAdapter {
      "options": Object {
        "enableComponentDidUpdateOnSetState": true,
        "lifecycles": Object {
          "componentDidUpdate": Object {
            "onSetState": true,
          },
          "getDerivedStateFromProps": true,
          "getSnapshotBeforeUpdate": true,
          "setState": Object {
            "skipsComponentDidUpdateOnNullish": true,
          },
        },
      },
    },
  },
}
`;

exports[`Todo Module add 3`] = `
ShallowWrapper {
  Symbol(enzyme.__root__): [Circular],
  Symbol(enzyme.__unrendered__): <Todo
    onChange={[Function]}
    onDecliment={[Function]}
    onIncrement={[Function]}
    todo={Array []}
  />,
  Symbol(enzyme.__renderer__): Object {
    "batchedUpdates": [Function],
    "getNode": [Function],
    "render": [Function],
    "simulateError": [Function],
    "simulateEvent": [Function],
    "unmount": [Function],
  },
  Symbol(enzyme.__node__): Object {
    "instance": null,
    "key": undefined,
    "nodeType": "host",
    "props": Object {
      "children": Array [
        <button>
          TODOを追加する
        </button>,
        <br />,
        <table
          style={
            Object {
              "align": "center",
            }
          }
        >
          <thead>
            <tr>
              <th>
                内容
              </th>
              <th>
                操作
              </th>
            </tr>
          </thead>
          <tbody />
        </table>,
      ],
      "style": Object {
        "margin": 12,
        "textAlign": "left",
      },
    },
    "ref": null,
    "rendered": Array [
      Object {
        "instance": null,
        "key": undefined,
        "nodeType": "host",
        "props": Object {
          "children": "TODOを追加する",
          "onClick": undefined,
        },
        "ref": null,
        "rendered": "TODOを追加する",
        "type": "button",
      },
      Object {
        "instance": null,
        "key": undefined,
        "nodeType": "host",
        "props": Object {},
        "ref": null,
        "rendered": null,
        "type": "br",
      },
      Object {
        "instance": null,
        "key": undefined,
        "nodeType": "host",
        "props": Object {
          "children": Array [
            <thead>
              <tr>
                <th>
                  内容
                </th>
                <th>
                  操作
                </th>
              </tr>
            </thead>,
            <tbody />,
          ],
          "style": Object {
            "align": "center",
          },
        },
        "ref": null,
        "rendered": Array [
          Object {
            "instance": null,
            "key": undefined,
            "nodeType": "host",
            "props": Object {
              "children": <tr>
                <th>
                  内容
                </th>
                <th>
                  操作
                </th>
              </tr>,
            },
            "ref": null,
            "rendered": Object {
              "instance": null,
              "key": undefined,
              "nodeType": "host",
              "props": Object {
                "children": Array [
                  <th>
                    内容
                  </th>,
                  <th>
                    操作
                  </th>,
                ],
              },
              "ref": null,
              "rendered": Array [
                Object {
                  "instance": null,
                  "key": undefined,
                  "nodeType": "host",
                  "props": Object {
                    "children": "内容",
                  },
                  "ref": null,
                  "rendered": "内容",
                  "type": "th",
                },
                Object {
                  "instance": null,
                  "key": undefined,
                  "nodeType": "host",
                  "props": Object {
                    "children": "操作",
                  },
                  "ref": null,
                  "rendered": "操作",
                  "type": "th",
                },
              ],
              "type": "tr",
            },
            "type": "thead",
          },
          Object {
            "instance": null,
            "key": undefined,
            "nodeType": "host",
            "props": Object {
              "children": Array [],
            },
            "ref": null,
            "rendered": Array [],
            "type": "tbody",
          },
        ],
        "type": "table",
      },
    ],
    "type": "div",
  },
  Symbol(enzyme.__nodes__): Array [
    Object {
      "instance": null,
      "key": undefined,
      "nodeType": "host",
      "props": Object {
        "children": Array [
          <button>
            TODOを追加する
          </button>,
          <br />,
          <table
            style={
              Object {
                "align": "center",
              }
            }
          >
            <thead>
              <tr>
                <th>
                  内容
                </th>
                <th>
                  操作
                </th>
              </tr>
            </thead>
            <tbody />
          </table>,
        ],
        "style": Object {
          "margin": 12,
          "textAlign": "left",
        },
      },
      "ref": null,
      "rendered": Array [
        Object {
          "instance": null,
          "key": undefined,
          "nodeType": "host",
          "props": Object {
            "children": "TODOを追加する",
            "onClick": undefined,
          },
          "ref": null,
          "rendered": "TODOを追加する",
          "type": "button",
        },
        Object {
          "instance": null,
          "key": undefined,
          "nodeType": "host",
          "props": Object {},
          "ref": null,
          "rendered": null,
          "type": "br",
        },
        Object {
          "instance": null,
          "key": undefined,
          "nodeType": "host",
          "props": Object {
            "children": Array [
              <thead>
                <tr>
                  <th>
                    内容
                  </th>
                  <th>
                    操作
                  </th>
                </tr>
              </thead>,
              <tbody />,
            ],
            "style": Object {
              "align": "center",
            },
          },
          "ref": null,
          "rendered": Array [
            Object {
              "instance": null,
              "key": undefined,
              "nodeType": "host",
              "props": Object {
                "children": <tr>
                  <th>
                    内容
                  </th>
                  <th>
                    操作
                  </th>
                </tr>,
              },
              "ref": null,
              "rendered": Object {
                "instance": null,
                "key": undefined,
                "nodeType": "host",
                "props": Object {
                  "children": Array [
                    <th>
                      内容
                    </th>,
                    <th>
                      操作
                    </th>,
                  ],
                },
                "ref": null,
                "rendered": Array [
                  Object {
                    "instance": null,
                    "key": undefined,
                    "nodeType": "host",
                    "props": Object {
                      "children": "内容",
                    },
                    "ref": null,
                    "rendered": "内容",
                    "type": "th",
                  },
                  Object {
                    "instance": null,
                    "key": undefined,
                    "nodeType": "host",
                    "props": Object {
                      "children": "操作",
                    },
                    "ref": null,
                    "rendered": "操作",
                    "type": "th",
                  },
                ],
                "type": "tr",
              },
              "type": "thead",
            },
            Object {
              "instance": null,
              "key": undefined,
              "nodeType": "host",
              "props": Object {
                "children": Array [],
              },
              "ref": null,
              "rendered": Array [],
              "type": "tbody",
            },
          ],
          "type": "table",
        },
      ],
      "type": "div",
    },
  ],
  Symbol(enzyme.__options__): Object {
    "adapter": ReactSixteenAdapter {
      "options": Object {
        "enableComponentDidUpdateOnSetState": true,
        "lifecycles": Object {
          "componentDidUpdate": Object {
            "onSetState": true,
          },
          "getDerivedStateFromProps": true,
          "getSnapshotBeforeUpdate": true,
          "setState": Object {
            "skipsComponentDidUpdateOnNullish": true,
          },
        },
      },
    },
  },
}
`;
